ASxxxx Linker V03.00 + NoICE + sdld,  page 1.
Hexadecimal  [32-Bits]

Area                                    Addr        Size        Decimal Bytes (Attributes)
--------------------------------        ----        ----        ------- ----- ------------
.  .ABS.                            00000000    00000000 =           0. bytes (ABS,CON)

      Value  Global                              Global Defined In Module
      -----  --------------------------------   ------------------------
     00000000  .__.ABS.                           
     00000000  _rRAMG                             
     00000000  l__BASE                         
     00000000  l__BSS                          
     00000000  l__CABS                         
     00000000  l__CODE_0                       
     00000000  l__CRASH_HEADER                 
     00000000  l__CRASH_SCRATCH                
     00000000  l__DABS                         
     00000000  l__HEADER                       
     00000000  l__HEADER_LCD                   
     00000000  l__HEADER_SIO                   
     00000000  l__HEADER_TIMER                 
     00000000  l__HEAP                         
     00000000  l__HRAM                         
     00000000  l__LIT                          
     00000000  s__CABS                         
     00000000  s__CRASH_HEADER                 
     00000000  s__CRASH_HEADER0                
     00000000  s__CRASH_HEADER1                
     00000000  s__CRASH_SCRATCH                
     00000000  s__CRASH_SCRATCH2               
     00000000  s__DABS                         
     00000000  s__HEADER                       
     00000000  s__HEADER0                      
     00000000  s__HEADER1                      
     00000000  s__HEADER10                     
     00000000  s__HEADER11                     
     00000000  s__HEADER2                      
     00000000  s__HEADER3                      
     00000000  s__HEADER4                      
     00000000  s__HEADER5                      
     00000000  s__HEADER6                      
     00000000  s__HEADER7                      
     00000000  s__HEADER8                      
     00000000  s__HEADER9                      
     00000000  s__HEADER_LCD                   
     00000000  s__HEADER_LCD0                  
     00000000  s__HEADER_SIO                   
     00000000  s__HEADER_SIO0                  
     00000000  s__HEADER_TIMER                 
     00000000  s__HEADER_TIMER0                
     00000000  s__HEADERa                      
     00000000  s__HEADERb                      
     00000000  s__HEADERc                      
     00000000  s__HEADERd                      
     00000000  s__HEADERe                      
     00000000  s__HEADERf                      
     00000000  s__HRAM                         
     00000000  s__HRAM12                       
ASxxxx Linker V03.00 + NoICE + sdld,  page 2.
Hexadecimal  [32-Bits]

Area                                    Addr        Size        Decimal Bytes (Attributes)
--------------------------------        ----        ----        ------- ----- ------------
.  .ABS.                            00000000    00000000 =           0. bytes (ABS,CON)

      Value  Global                              Global Defined In Module
      -----  --------------------------------   ------------------------
     00000001  b_activate_actor                   actor
     00000001  b_activate_actors_in_col           actor
     00000001  b_activate_actors_in_row           actor
     00000001  b_actor_at_tile                    actor
     00000001  b_actor_get_frame_offset           actor
     00000001  b_actor_in_front_of_player         actor
     00000001  b_actor_overlapping_bb             actor
     00000001  b_actor_overlapping_player         actor
     00000001  b_actor_set_anim_idle              actor
     00000001  b_actor_set_anim_moving            actor
     00000001  b_actor_set_dir                    actor
     00000001  b_actor_set_frame_offset           actor
     00000001  b_actor_set_frames                 actor
     00000001  b_actors_handle_player_collision   actor
     00000001  b_actors_init                      actor
     00000001  b_camera_init                      camera
     00000001  b_camera_reset                     camera
     00000001  b_check_collision_in_direction     actor
     00000001  b_deactivate_actor                 actor
     00000001  b_parallax_init                    parallax
     00000001  b_player_init                      actor
     00000001  b_remove_LCD_ISRs                  interrupts
     00000001  b_scroll_init                      scroll
     00000001  b_scroll_repaint                   scroll
     00000001  b_scroll_reset                     scroll
     00000001  b_scroll_update                    scroll
     00000001  b_ui_draw_frame                    ui
     00000001  b_ui_draw_text_buffer_char         ui
     00000001  b_ui_init                          ui
     00000001  b_ui_load_tiles                    ui
     00000001  b_ui_run_menu                      ui
     00000001  b_ui_run_modal                     ui
     00000001  l__GSFINAL                      
     00000001  l__HEADER0                      
     00000001  l__HEADER11                     
     00000001  l__HEADER9                      
     00000001  l__HEADERa                      
     00000001  l__HEADERb                      
     00000001  l__HEADERd                      
     00000001  l__HEADERe                      
     00000002  b_camera_shake_frames              vm_camera
     00000002  b_itoa_fmt                         vm_ui_a
     00000002  b_script_execute                   vm
     00000002  b_script_runner_init               vm
     00000002  b_script_terminate                 vm
     00000002  b_scroll_rect                      
     00000002  b_vm_actor_activate                vm_actor
     00000002  b_vm_actor_deactivate              vm_actor
     00000002  b_vm_actor_emote                   vm_actor
     00000002  b_vm_actor_get_angle               vm_actor
     00000002  b_vm_actor_get_anim_frame          vm_actor
ASxxxx Linker V03.00 + NoICE + sdld,  page 3.
Hexadecimal  [32-Bits]

Area                                    Addr        Size        Decimal Bytes (Attributes)
--------------------------------        ----        ----        ------- ----- ------------
.  .ABS.                            00000000    00000000 =           0. bytes (ABS,CON)

      Value  Global                              Global Defined In Module
      -----  --------------------------------   ------------------------
     00000002  b_vm_actor_get_dir                 vm_actor
     00000002  b_vm_actor_get_pos                 vm_actor
     00000002  b_vm_actor_move_to                 vm_actor
     00000002  b_vm_actor_replace_tile            vm_actor
     00000002  b_vm_actor_set_anim                vm_actor
     00000002  b_vm_actor_set_anim_frame          vm_actor
     00000002  b_vm_actor_set_anim_set            vm_actor
     00000002  b_vm_actor_set_anim_tick           vm_actor
     00000002  b_vm_actor_set_bounds              vm_actor
     00000002  b_vm_actor_set_coll_enabled        vm_actor
     00000002  b_vm_actor_set_dir                 vm_actor
     00000002  b_vm_actor_set_hidden              vm_actor
     00000002  b_vm_actor_set_move_speed          vm_actor
     00000002  b_vm_actor_set_pos                 vm_actor
     00000002  b_vm_actor_set_spritesheet         vm_actor
     00000002  b_vm_actor_set_spritesheet_by_re   vm_actor
     00000002  b_vm_actor_terminate_update        vm_actor
     00000002  b_vm_call                          vm
     00000002  b_vm_call_far                      vm
     00000002  b_vm_call_rel                      vm
     00000002  b_vm_camera_move_to                vm_camera
     00000002  b_vm_camera_set_pos                vm_camera
     00000002  b_vm_choice                        vm_ui
     00000002  b_vm_context_prepare               vm_gameboy
     00000002  b_vm_cos_scale                     vm_math
     00000002  b_vm_display_text                  vm_ui
     00000002  b_vm_fade_in                       vm_gameboy
     00000002  b_vm_fade_out                      vm_gameboy
     00000002  b_vm_get_indirect                  vm
     00000002  b_vm_get_int16                     vm
     00000002  b_vm_get_int8                      vm
     00000002  b_vm_get_tile_xy                   vm_gameboy
     00000002  b_vm_get_tlocal                    vm
     00000002  b_vm_get_uint8                     vm
     00000002  b_vm_hide_sprites                  vm_gameboy
     00000002  b_vm_idle                          vm
     00000002  b_vm_if                            vm
     00000002  b_vm_if_const                      vm
     00000002  b_vm_input_attach                  vm_gameboy
     00000002  b_vm_input_detach                  vm_gameboy
     00000002  b_vm_input_get                     vm_gameboy
     00000002  b_vm_input_wait                    vm_gameboy
     00000002  b_vm_invoke                        vm
     00000002  b_vm_join                          vm
     00000002  b_vm_jump                          vm
     00000002  b_vm_jump_rel                      vm
     00000002  b_vm_load_cursor                   vm_ui
     00000002  b_vm_load_frame                    vm_ui
     00000002  b_vm_load_palette                  vm_palette
     00000002  b_vm_lock                          vm
     00000002  b_vm_loop                          vm
ASxxxx Linker V03.00 + NoICE + sdld,  page 4.
Hexadecimal  [32-Bits]

Area                                    Addr        Size        Decimal Bytes (Attributes)
--------------------------------        ----        ----        ------- ----- ------------
.  .ABS.                            00000000    00000000 =           0. bytes (ABS,CON)

      Value  Global                              Global Defined In Module
      -----  --------------------------------   ------------------------
     00000002  b_vm_loop_rel                      vm
     00000002  b_vm_memcpy                        vm
     00000002  b_vm_memset                        vm
     00000002  b_vm_music_mute                    vm_music
     00000002  b_vm_music_play                    vm_music
     00000002  b_vm_music_routine                 vm_music
     00000002  b_vm_music_setpos                  vm_music
     00000002  b_vm_music_stop                    vm_music
     00000002  b_vm_overlay_clear                 vm_ui
     00000002  b_vm_overlay_hide                  vm_ui
     00000002  b_vm_overlay_move_to               vm_ui
     00000002  b_vm_overlay_scroll                vm_ui
     00000002  b_vm_overlay_set_scroll            vm_ui
     00000002  b_vm_overlay_set_submap            vm_ui
     00000002  b_vm_overlay_setpos                vm_ui
     00000002  b_vm_overlay_show                  vm_ui
     00000002  b_vm_overlay_wait                  vm_ui
     00000002  b_vm_poll                          vm_gameboy
     00000002  b_vm_poll_loaded                   vm
     00000002  b_vm_pop                           vm
     00000002  b_vm_projectile_launch             vm_projectiles
     00000002  b_vm_push                          vm
     00000002  b_vm_push_reference                vm
     00000002  b_vm_push_value                    vm
     00000002  b_vm_push_value_ind                vm
     00000002  b_vm_raise                         vm
     00000002  b_vm_rand                          vm
     00000002  b_vm_randomize                     vm
     00000002  b_vm_replace_tile                  vm_gameboy
     00000002  b_vm_replace_tile_xy               vm_gameboy
     00000002  b_vm_reserve                       vm
     00000002  b_vm_ret                           vm
     00000002  b_vm_ret_far                       vm
     00000002  b_vm_rtc_get                       vm_rtc
     00000002  b_vm_rtc_latch                     vm_rtc
     00000002  b_vm_rtc_set                       vm_rtc
     00000002  b_vm_rtc_start                     vm_rtc
     00000002  b_vm_rumble                        vm_gameboy
     00000002  b_vm_save_clear                    vm_load_save
     00000002  b_vm_save_peek                     vm_load_save
     00000002  b_vm_scene_pop                     vm_scene
     00000002  b_vm_scene_pop_all                 vm_scene
     00000002  b_vm_scene_push                    vm_scene
     00000002  b_vm_scene_stack_reset             vm_scene
     00000002  b_vm_set                           vm
     00000002  b_vm_set_const                     vm
     00000002  b_vm_set_const_int16               vm
     00000002  b_vm_set_const_int8                vm
     00000002  b_vm_set_font                      vm_ui
     00000002  b_vm_set_indirect                  vm
     00000002  b_vm_set_int16                     vm
ASxxxx Linker V03.00 + NoICE + sdld,  page 5.
Hexadecimal  [32-Bits]

Area                                    Addr        Size        Decimal Bytes (Attributes)
--------------------------------        ----        ----        ------- ----- ------------
.  .ABS.                            00000000    00000000 =           0. bytes (ABS,CON)

      Value  Global                              Global Defined In Module
      -----  --------------------------------   ------------------------
     00000002  b_vm_set_int8                      vm
     00000002  b_vm_set_print_dir                 vm_ui
     00000002  b_vm_set_sprite_mode               vm_gameboy
     00000002  b_vm_set_uint8                     vm
     00000002  b_vm_show_sprites                  vm_gameboy
     00000002  b_vm_sin_scale                     vm_math
     00000002  b_vm_sio_exchange                  vm_sio
     00000002  b_vm_sio_set_mode                  vm_sio
     00000002  b_vm_sound_mastervol               vm_music
     00000002  b_vm_sound_play                    vm_music
     00000002  b_vm_switch_text_layer             vm_ui
     00000002  b_vm_systime                       vm
     00000002  b_vm_terminate                     vm
     00000002  b_vm_test_terminate                vm
     00000002  b_vm_timer_prepare                 vm_gameboy
     00000002  b_vm_timer_reset                   vm_gameboy
     00000002  b_vm_timer_set                     vm_gameboy
     00000002  b_vm_timer_stop                    vm_gameboy
     00000002  b_vm_unlock                        vm
     00000002  b_vm_wave_play                     vm_music
     00000002  b_wait_frames                      vm
     00000002  l__HEADER5                      
     00000002  l__HEADERc                      
     00000002  l__HEADERf                      
     00000003  b_adventure_init                   adventure
     00000003  b_adventure_update                 adventure
     00000003  b_logo_init                        logo
     00000003  b_logo_update                      logo
     00000003  b_platform_init                    platform
     00000003  b_platform_update                  platform
     00000003  b_pointnclick_init                 pointnclick
     00000003  b_pointnclick_update               pointnclick
     00000003  b_shmup_init                       shmup
     00000003  b_shmup_update                     shmup
     00000003  b_topdown_init                     topdown
     00000003  b_topdown_update                   topdown
     00000003  l__HEADER8                      
     00000003  l__HEADER_LCD0                  
     00000003  l__HRAM12                       
     00000004  b_CGBZeroPalette                   palette
     00000004  b_SIO_init                         sio
     00000004  b_core_reset                       core
     00000004  b_core_run                         core
     00000004  b_data_clear                       load_save
     00000004  b_data_init                        load_save
     00000004  b_data_load                        load_save
     00000004  b_data_peek                        load_save
     00000004  b_data_save                        load_save
     00000004  b_do_load_palette                  data_manager
     00000004  b_events_init                      events
     00000004  b_fade_applypalettechange          fade_manager
ASxxxx Linker V03.00 + NoICE + sdld,  page 6.
Hexadecimal  [32-Bits]

Area                                    Addr        Size        Decimal Bytes (Attributes)
--------------------------------        ----        ----        ------- ----- ------------
.  .ABS.                            00000000    00000000 =           0. bytes (ABS,CON)

      Value  Global                              Global Defined In Module
      -----  --------------------------------   ------------------------
     00000004  b_fade_in                          fade_manager
     00000004  b_fade_in_modal                    fade_manager
     00000004  b_fade_init                        fade_manager
     00000004  b_fade_out                         fade_manager
     00000004  b_fade_out_modal                   fade_manager
     00000004  b_fade_setspeed                    fade_manager
     00000004  b_fade_update                      fade_manager
     00000004  b_input_init                       input
     00000004  b_load_background                  data_manager
     00000004  b_load_bkg_tileset                 data_manager
     00000004  b_load_bounds                      data_manager
     00000004  b_load_emote                       data_manager
     00000004  b_load_init                        data_manager
     00000004  b_load_player                      data_manager
     00000004  b_load_scene                       data_manager
     00000004  b_load_sprite                      data_manager
     00000004  b_music_events_poll                music_manager
     00000004  b_music_init                       music_manager
     00000004  b_music_stop                       music_manager
     00000004  b_palette_init                     palette
     00000004  b_projectile_launch                projectiles
     00000004  b_projectiles_init                 projectiles
     00000004  b_restore_sram                     flasher
     00000004  b_restore_sram_bank                flasher
     00000004  b_save_sram                        flasher
     00000004  b_set_sample                       sample_player
     00000004  b_set_sgb_border                   sgb_border
     00000004  b_sound_init                       music_manager
     00000004  b_sound_play                       music_manager
     00000004  b_timers_init                      events
     00000004  b_trigger_activate_at              trigger
     00000004  b_trigger_activate_at_intersecti   trigger
     00000004  b_trigger_at_intersection          trigger
     00000004  b_trigger_at_tile                  trigger
     00000004  b_trigger_interact                 trigger
     00000004  b_trigger_reset                    trigger
     00000004  b_wave_play                        music_manager
     00000004  l__CRASH_HEADER1                
     00000004  l__HEADER_SIO0                  
     00000004  l__HEADER_TIMER0                
     00000005  ___bank_scene_10_actors            scene_10_actors
     00000005  ___bank_scene_10_collisions        scene_10_collisions
     00000005  ___bank_scene_12_collisions        scene_12_collisions
     00000005  ___bank_scene_16_collisions        scene_16_collisions
     00000005  ___bank_scene_18_collisions        scene_18_collisions
     00000005  ___bank_script_s1_init             script_s1_init
     00000005  l__CRASH_HEADER0                
     00000005  l__HEADER1                      
     00000006  ___bank_bootstrap_script           
     00000006  ___bank_scene_20_collisions        scene_20_collisions
     00000006  ___bank_scene_24_collisions        scene_24_collisions
ASxxxx Linker V03.00 + NoICE + sdld,  page 7.
Hexadecimal  [32-Bits]

Area                                    Addr        Size        Decimal Bytes (Attributes)
--------------------------------        ----        ----        ------- ----- ------------
.  .ABS.                            00000000    00000000 =           0. bytes (ABS,CON)

      Value  Global                              Global Defined In Module
      -----  --------------------------------   ------------------------
     00000006  ___bank_scene_26_collisions        scene_26_collisions
     00000006  ___bank_scene_28_collisions        scene_28_collisions
     00000006  ___bank_script_s10a2_interact      script_s10a2_interact
     00000006  ___bank_tileset_29                 tileset_29
     00000006  l__HEADER7                      
     00000007  ___bank_background_0               background_0
     00000007  ___bank_frame_image                frame_image
     00000007  ___bank_scene_32_collisions        scene_32_collisions
     00000007  ___bank_scene_34_collisions        scene_34_collisions
     00000007  ___bank_scene_36_collisions        scene_36_collisions
     00000007  ___bank_scene_8_collisions         scene_8_collisions
     00000007  ___bank_script_s10_p_hit1          script_s10_p_hit1
     00000007  l__HEADER2                      
     00000008  ___bank_scene_16_sprites           scene_16_sprites
     00000008  ___bank_scene_2_sprites            scene_2_sprites
     00000008  ___bank_script_s8_p_hit1           script_s8_p_hit1
     00000008  ___bank_spritesheet_15             spritesheet_15
     00000008  ___bank_tilemap_23                 tilemap_23
     00000008  ___bank_tilemap_24                 tilemap_24
     00000008  ___bank_tilemap_25                 tilemap_25
     00000008  ___bank_tilemap_26                 tilemap_26
     00000008  l__HEADER3                      
     00000009  ___bank_scene_0_collisions         scene_0_collisions
     00000009  ___bank_scene_12_sprites           scene_12_sprites
     00000009  ___bank_script_s0_init             script_s0_init
     00000009  ___bank_tilemap_27                 tilemap_27
     00000009  ___bank_tilemap_28                 tilemap_28
     00000009  ___bank_tilemap_29                 tilemap_29
     00000009  ___bank_tilemap_30                 tilemap_30
     0000000A  ___bank_background_1               background_1
     0000000A  ___bank_scene_1_collisions         scene_1_collisions
     0000000A  ___bank_spritesheet_11             spritesheet_11
     0000000A  ___bank_tilemap_31                 tilemap_31
     0000000A  ___bank_tilemap_32                 tilemap_32
     0000000A  ___bank_tilemap_33                 tilemap_33
     0000000A  ___bank_tilemap_34                 tilemap_34
     0000000B  ___bank_cursor_image               cursor_image
     0000000B  ___bank_scene_11_collisions        scene_11_collisions
     0000000B  ___bank_scene_39_sprites           scene_39_sprites
     0000000B  ___bank_scene_3_sprites            scene_3_sprites
     0000000B  ___bank_tilemap_attr_10            tilemap_attr_10
     0000000B  ___bank_tilemap_attr_11            tilemap_attr_11
     0000000B  ___bank_tilemap_attr_12            tilemap_attr_12
     0000000B  ___bank_tilemap_attr_13            tilemap_attr_13
     0000000B  ___bank_tileset_20                 tileset_20
     0000000C  ___bank_background_10              background_10
     0000000C  ___bank_scene_10_triggers          scene_10_triggers
     0000000C  ___bank_scene_13_collisions        scene_13_collisions
     0000000C  ___bank_tilemap_attr_14            tilemap_attr_14
     0000000C  ___bank_tilemap_attr_15            tilemap_attr_15
     0000000C  ___bank_tilemap_attr_16            tilemap_attr_16
ASxxxx Linker V03.00 + NoICE + sdld,  page 8.
Hexadecimal  [32-Bits]

Area                                    Addr        Size        Decimal Bytes (Attributes)
--------------------------------        ----        ----        ------- ----- ------------
.  .ABS.                            00000000    00000000 =           0. bytes (ABS,CON)

      Value  Global                              Global Defined In Module
      -----  --------------------------------   ------------------------
     0000000C  ___bank_tilemap_attr_6             tilemap_attr_6
     0000000C  ___bank_tileset_27                 tileset_27
     0000000D  ___bank_font_0                     font_0
     0000000D  ___bank_scene_8_sprites            scene_8_sprites
     0000000D  ___bank_tilemap_attr_7             tilemap_attr_7
     0000000D  ___bank_tilemap_attr_8             tilemap_attr_8
     0000000D  ___bank_tilemap_attr_9             tilemap_attr_9
     0000000D  ___bank_tileset_1                  tileset_1
     0000000D  ___bank_tileset_18                 tileset_18
     0000000E  ___bank_background_11              background_11
     0000000E  ___bank_scene_40_sprites           scene_40_sprites
     0000000E  ___bank_spritesheet_7              spritesheet_7
     0000000E  ___bank_tileset_11                 tileset_11
     0000000E  ___bank_tileset_4                  tileset_4
     0000000E  ___bank_tileset_6                  tileset_6
     0000000E  ___bank_tileset_7                  tileset_7
     0000000E  ___bank_tileset_8                  tileset_8
     0000000E  ___bank_tileset_9                  tileset_9
     0000000E  l__INITIALIZED                  
     0000000E  l__INITIALIZER                  
     0000000F  ___bank_scene_14_collisions        scene_14_collisions
     0000000F  ___bank_scene_15_collisions        scene_15_collisions
     0000000F  ___bank_scene_17_collisions        scene_17_collisions
     0000000F  ___bank_scene_19_collisions        scene_19_collisions
     0000000F  ___bank_scene_21_collisions        scene_21_collisions
     0000000F  ___bank_scene_22_collisions        scene_22_collisions
     0000000F  ___bank_scene_23_collisions        scene_23_collisions
     0000000F  ___bank_scene_25_collisions        scene_25_collisions
     0000000F  ___bank_scene_27_collisions        scene_27_collisions
     0000000F  ___bank_scene_2_collisions         scene_2_collisions
     0000000F  ___bank_scene_41_sprites           scene_41_sprites
     0000000F  ___bank_scene_8_actors             scene_8_actors
     0000000F  ___bank_script_s3a0_update         script_s3a0_update
     0000000F  ___bank_script_s8_init             script_s8_init
     0000000F  ___bank_tileset_0                  tileset_0
     0000000F  ___bank_tileset_10                 tileset_10
     0000000F  ___bank_tileset_12                 tileset_12
     0000000F  ___bank_tileset_13                 tileset_13
     0000000F  ___bank_tileset_2                  tileset_2
     0000000F  ___bank_tileset_3                  tileset_3
     0000000F  ___bank_tileset_5                  tileset_5
     00000010  ___bank_background_12              background_12
     00000010  ___bank_scene_12_triggers          scene_12_triggers
     00000010  ___bank_scene_29_collisions        scene_29_collisions
     00000010  ___bank_scene_30_collisions        scene_30_collisions
     00000010  ___bank_scene_31_collisions        scene_31_collisions
     00000010  ___bank_scene_33_collisions        scene_33_collisions
     00000010  ___bank_scene_35_collisions        scene_35_collisions
     00000010  ___bank_scene_37_collisions        scene_37_collisions
     00000010  ___bank_scene_38_collisions        scene_38_collisions
     00000010  ___bank_scene_39_collisions        scene_39_collisions
ASxxxx Linker V03.00 + NoICE + sdld,  page 9.
Hexadecimal  [32-Bits]

Area                                    Addr        Size        Decimal Bytes (Attributes)
--------------------------------        ----        ----        ------- ----- ------------
.  .ABS.                            00000000    00000000 =           0. bytes (ABS,CON)

      Value  Global                              Global Defined In Module
      -----  --------------------------------   ------------------------
     00000010  ___bank_scene_3_collisions         scene_3_collisions
     00000010  ___bank_scene_40_collisions        scene_40_collisions
     00000010  ___bank_scene_41_collisions        scene_41_collisions
     00000010  ___bank_scene_42_collisions        scene_42_collisions
     00000010  ___bank_scene_4_collisions         scene_4_collisions
     00000010  ___bank_scene_5_collisions         scene_5_collisions
     00000010  ___bank_scene_6_collisions         scene_6_collisions
     00000010  ___bank_scene_7_collisions         scene_7_collisions
     00000010  ___bank_scene_9_collisions         scene_9_collisions
     00000010  ___bank_tilemap_0                  tilemap_0
     00000010  ___bank_tilemap_1                  tilemap_1
     00000010  ___bank_tilemap_10                 tilemap_10
     00000010  ___bank_tilemap_11                 tilemap_11
     00000010  ___bank_tilemap_12                 tilemap_12
     00000010  ___bank_tilemap_13                 tilemap_13
     00000010  ___bank_tilemap_14                 tilemap_14
     00000010  ___bank_tilemap_15                 tilemap_15
     00000010  ___bank_tilemap_16                 tilemap_16
     00000010  ___bank_tilemap_17                 tilemap_17
     00000010  ___bank_tilemap_18                 tilemap_18
     00000010  ___bank_tilemap_19                 tilemap_19
     00000010  ___bank_tilemap_2                  tilemap_2
     00000010  ___bank_tilemap_20                 tilemap_20
     00000010  ___bank_tilemap_21                 tilemap_21
     00000010  ___bank_tilemap_22                 tilemap_22
     00000010  ___bank_tilemap_3                  tilemap_3
     00000010  ___bank_tilemap_35                 tilemap_35
     00000010  ___bank_tilemap_36                 tilemap_36
     00000010  ___bank_tilemap_37                 tilemap_37
     00000010  ___bank_tilemap_38                 tilemap_38
     00000010  ___bank_tilemap_4                  tilemap_4
     00000010  ___bank_tilemap_5                  tilemap_5
     00000010  ___bank_tilemap_6                  tilemap_6
     00000010  ___bank_tilemap_7                  tilemap_7
     00000010  ___bank_tilemap_8                  tilemap_8
     00000010  ___bank_tilemap_9                  tilemap_9
     00000010  ___bank_tilemap_attr_0             tilemap_attr_0
     00000010  ___bank_tileset_28                 tileset_28
     00000011  ___bank_scene_16_actors            scene_16_actors
     00000011  ___bank_scene_6_sprites            scene_6_sprites
     00000011  ___bank_script_input_0             script_input_0
     00000011  ___bank_script_s10_init            script_s10_init
     00000011  ___bank_script_s10a0_update        script_s10a0_update
     00000011  ___bank_script_s10t0_interact      script_s10t0_interact
     00000011  ___bank_script_s11_init            script_s11_init
     00000011  ___bank_script_s12_init            script_s12_init
     00000011  ___bank_script_s12t0_interact      script_s12t0_interact
     00000011  ___bank_script_s15_init            script_s15_init
     00000011  ___bank_script_s16_init            script_s16_init
     00000011  ___bank_script_s16t0_interact      script_s16t0_interact
     00000011  ___bank_script_s17_init            script_s17_init
ASxxxx Linker V03.00 + NoICE + sdld,  page 10.
Hexadecimal  [32-Bits]

Area                                    Addr        Size        Decimal Bytes (Attributes)
--------------------------------        ----        ----        ------- ----- ------------
.  .ABS.                            00000000    00000000 =           0. bytes (ABS,CON)

      Value  Global                              Global Defined In Module
      -----  --------------------------------   ------------------------
     00000011  ___bank_script_s18_init            script_s18_init
     00000011  ___bank_script_s18t0_interact      script_s18t0_interact
     00000011  ___bank_script_s19_init            script_s19_init
     00000011  ___bank_script_s20_init            script_s20_init
     00000011  ___bank_script_s20t0_interact      script_s20t0_interact
     00000011  ___bank_script_s23_init            script_s23_init
     00000011  ___bank_script_s24_init            script_s24_init
     00000011  ___bank_script_s24t0_interact      script_s24t0_interact
     00000011  ___bank_script_s25_init            script_s25_init
     00000011  ___bank_script_s26_init            script_s26_init
     00000011  ___bank_script_s26t0_interact      script_s26t0_interact
     00000011  ___bank_script_s27_init            script_s27_init
     00000011  ___bank_script_s28_init            script_s28_init
     00000011  ___bank_script_s28t0_interact      script_s28t0_interact
     00000011  ___bank_script_s31_init            script_s31_init
     00000011  ___bank_script_s32_init            script_s32_init
     00000011  ___bank_script_s32t0_interact      script_s32t0_interact
     00000011  ___bank_script_s33_init            script_s33_init
     00000011  ___bank_script_s34_init            script_s34_init
     00000011  ___bank_script_s34t0_interact      script_s34t0_interact
     00000011  ___bank_script_s35_init            script_s35_init
     00000011  ___bank_script_s36_init            script_s36_init
     00000011  ___bank_script_s36t0_interact      script_s36t0_interact
     00000011  ___bank_script_s7_init             script_s7_init
     00000011  ___bank_script_s8a10_interact      script_s8a10_interact
     00000011  ___bank_script_s8a12_interact      script_s8a12_interact
     00000011  ___bank_script_s8a13_interact      script_s8a13_interact
     00000011  ___bank_script_s8a13_update        script_s8a13_update
     00000011  ___bank_script_s8a14_interact      script_s8a14_interact
     00000011  ___bank_script_s8a15_interact      script_s8a15_interact
     00000011  ___bank_script_s8a15_update        script_s8a15_update
     00000011  ___bank_script_s8a16_interact      script_s8a16_interact
     00000011  ___bank_script_s8a16_update        script_s8a16_update
     00000011  ___bank_script_s8a17_interact      script_s8a17_interact
     00000011  ___bank_script_s8a18_interact      script_s8a18_interact
     00000011  ___bank_script_s8a19_interact      script_s8a19_interact
     00000011  ___bank_script_s8a2_interact       script_s8a2_interact
     00000011  ___bank_script_s8a3_interact       script_s8a3_interact
     00000011  ___bank_script_s8a6_interact       script_s8a6_interact
     00000011  ___bank_script_s8a7_interact       script_s8a7_interact
     00000011  ___bank_script_s8a8_interact       script_s8a8_interact
     00000011  ___bank_script_s8a8_update         script_s8a8_update
     00000011  ___bank_script_s8a9_interact       script_s8a9_interact
     00000011  ___bank_script_s8t0_interact       script_s8t0_interact
     00000011  ___bank_script_s9_init             script_s9_init
     00000011  ___bank_spritesheet_0              spritesheet_0
     00000011  ___bank_spritesheet_13             spritesheet_13
     00000011  ___bank_spritesheet_16             spritesheet_16
     00000011  ___bank_spritesheet_4              spritesheet_4
     00000011  ___bank_spritesheet_9              spritesheet_9
     00000011  ___bank_tilemap_attr_1             tilemap_attr_1
ASxxxx Linker V03.00 + NoICE + sdld,  page 11.
Hexadecimal  [32-Bits]

Area                                    Addr        Size        Decimal Bytes (Attributes)
--------------------------------        ----        ----        ------- ----- ------------
.  .ABS.                            00000000    00000000 =           0. bytes (ABS,CON)

      Value  Global                              Global Defined In Module
      -----  --------------------------------   ------------------------
     00000011  ___bank_tilemap_attr_17            tilemap_attr_17
     00000011  ___bank_tilemap_attr_18            tilemap_attr_18
     00000011  ___bank_tilemap_attr_2             tilemap_attr_2
     00000011  ___bank_tilemap_attr_3             tilemap_attr_3
     00000011  ___bank_tilemap_attr_4             tilemap_attr_4
     00000011  ___bank_tilemap_attr_5             tilemap_attr_5
     00000011  ___bank_tileset_15                 tileset_15
     00000011  ___bank_tileset_16                 tileset_16
     00000011  ___bank_tileset_17                 tileset_17
     00000011  ___bank_tileset_21                 tileset_21
     00000011  ___bank_tileset_22                 tileset_22
     00000011  ___bank_tileset_23                 tileset_23
     00000011  ___bank_tileset_24                 tileset_24
     00000011  ___bank_tileset_25                 tileset_25
     00000011  ___bank_tileset_26                 tileset_26
     00000011  ___bank_tileset_30                 tileset_30
     00000011  ___bank_tileset_31                 tileset_31
     00000011  ___bank_tileset_32                 tileset_32
     00000011  ___bank_tileset_33                 tileset_33
     00000011  ___bank_tileset_34                 tileset_34
     00000011  ___bank_tileset_35                 tileset_35
     00000011  ___bank_tileset_36                 tileset_36
     00000011  ___bank_tileset_37                 tileset_37
     00000011  ___bank_tileset_38                 tileset_38
     00000011  ___bank_tileset_39                 tileset_39
     00000011  ___bank_tileset_40                 tileset_40
     00000011  ___bank_tileset_41                 tileset_41
     00000012  ___bank_background_13              background_13
     00000012  ___bank_background_14              background_14
     00000012  ___bank_background_15              background_15
     00000012  ___bank_background_16              background_16
     00000012  ___bank_background_17              background_17
     00000012  ___bank_background_18              background_18
     00000012  ___bank_background_19              background_19
     00000012  ___bank_background_2               background_2
     00000012  ___bank_background_20              background_20
     00000012  ___bank_background_21              background_21
     00000012  ___bank_background_22              background_22
     00000012  ___bank_background_23              background_23
     00000012  ___bank_background_24              background_24
     00000012  ___bank_background_25              background_25
     00000012  ___bank_background_26              background_26
     00000012  ___bank_background_27              background_27
     00000012  ___bank_background_28              background_28
     00000012  ___bank_background_29              background_29
     00000012  ___bank_background_3               background_3
     00000012  ___bank_background_30              background_30
     00000012  ___bank_background_31              background_31
     00000012  ___bank_background_32              background_32
     00000012  ___bank_background_33              background_33
     00000012  ___bank_background_34              background_34
ASxxxx Linker V03.00 + NoICE + sdld,  page 12.
Hexadecimal  [32-Bits]

Area                                    Addr        Size        Decimal Bytes (Attributes)
--------------------------------        ----        ----        ------- ----- ------------
.  .ABS.                            00000000    00000000 =           0. bytes (ABS,CON)

      Value  Global                              Global Defined In Module
      -----  --------------------------------   ------------------------
     00000012  ___bank_background_35              background_35
     00000012  ___bank_background_36              background_36
     00000012  ___bank_background_37              background_37
     00000012  ___bank_background_38              background_38
     00000012  ___bank_background_4               background_4
     00000012  ___bank_background_5               background_5
     00000012  ___bank_background_6               background_6
     00000012  ___bank_background_7               background_7
     00000012  ___bank_background_8               background_8
     00000012  ___bank_background_9               background_9
     00000012  ___bank_emote_0                    emote_0
     00000012  ___bank_palette_0                  palette_0
     00000012  ___bank_palette_1                  palette_1
     00000012  ___bank_palette_10                 palette_10
     00000012  ___bank_palette_11                 palette_11
     00000012  ___bank_palette_12                 palette_12
     00000012  ___bank_palette_13                 palette_13
     00000012  ___bank_palette_14                 palette_14
     00000012  ___bank_palette_15                 palette_15
     00000012  ___bank_palette_16                 palette_16
     00000012  ___bank_palette_17                 palette_17
     00000012  ___bank_palette_18                 palette_18
     00000012  ___bank_palette_19                 palette_19
     00000012  ___bank_palette_2                  palette_2
     00000012  ___bank_palette_20                 palette_20
     00000012  ___bank_palette_21                 palette_21
     00000012  ___bank_palette_22                 palette_22
     00000012  ___bank_palette_23                 palette_23
     00000012  ___bank_palette_24                 palette_24
     00000012  ___bank_palette_25                 palette_25
     00000012  ___bank_palette_26                 palette_26
     00000012  ___bank_palette_27                 palette_27
     00000012  ___bank_palette_28                 palette_28
     00000012  ___bank_palette_3                  palette_3
     00000012  ___bank_palette_4                  palette_4
     00000012  ___bank_palette_5                  palette_5
     00000012  ___bank_palette_6                  palette_6
     00000012  ___bank_palette_7                  palette_7
     00000012  ___bank_palette_8                  palette_8
     00000012  ___bank_palette_9                  palette_9
     00000012  ___bank_scene_0                    scene_0
     00000012  ___bank_scene_1                    scene_1
     00000012  ___bank_scene_10                   scene_10
     00000012  ___bank_scene_10_projectiles       scene_10_projectiles
     00000012  ___bank_scene_10_sprites           scene_10_sprites
     00000012  ___bank_scene_11                   scene_11
     00000012  ___bank_scene_12                   scene_12
     00000012  ___bank_scene_12_actors            scene_12_actors
     00000012  ___bank_scene_12_projectiles       scene_12_projectiles
     00000012  ___bank_scene_13                   scene_13
     00000012  ___bank_scene_14                   scene_14
ASxxxx Linker V03.00 + NoICE + sdld,  page 13.
Hexadecimal  [32-Bits]

Area                                    Addr        Size        Decimal Bytes (Attributes)
--------------------------------        ----        ----        ------- ----- ------------
.  .ABS.                            00000000    00000000 =           0. bytes (ABS,CON)

      Value  Global                              Global Defined In Module
      -----  --------------------------------   ------------------------
     00000012  ___bank_scene_15                   scene_15
     00000012  ___bank_scene_16                   scene_16
     00000012  ___bank_scene_16_projectiles       scene_16_projectiles
     00000012  ___bank_scene_16_triggers          scene_16_triggers
     00000012  ___bank_scene_17                   scene_17
     00000012  ___bank_scene_18                   scene_18
     00000012  ___bank_scene_18_actors            scene_18_actors
     00000012  ___bank_scene_18_projectiles       scene_18_projectiles
     00000012  ___bank_scene_18_sprites           scene_18_sprites
     00000012  ___bank_scene_18_triggers          scene_18_triggers
     00000012  ___bank_scene_19                   scene_19
     00000012  ___bank_scene_2                    scene_2
     00000012  ___bank_scene_20                   scene_20
     00000012  ___bank_scene_20_actors            scene_20_actors
     00000012  ___bank_scene_20_projectiles       scene_20_projectiles
     00000012  ___bank_scene_20_sprites           scene_20_sprites
     00000012  ___bank_scene_20_triggers          scene_20_triggers
     00000012  ___bank_scene_21                   scene_21
     00000012  ___bank_scene_22                   scene_22
     00000012  ___bank_scene_23                   scene_23
     00000012  ___bank_scene_24                   scene_24
     00000012  ___bank_scene_24_actors            scene_24_actors
     00000012  ___bank_scene_24_projectiles       scene_24_projectiles
     00000012  ___bank_scene_24_sprites           scene_24_sprites
     00000012  ___bank_scene_24_triggers          scene_24_triggers
     00000012  ___bank_scene_25                   scene_25
     00000012  ___bank_scene_26                   scene_26
     00000012  ___bank_scene_26_actors            scene_26_actors
     00000012  ___bank_scene_26_projectiles       scene_26_projectiles
     00000012  ___bank_scene_26_sprites           scene_26_sprites
     00000012  ___bank_scene_26_triggers          scene_26_triggers
     00000012  ___bank_scene_27                   scene_27
     00000012  ___bank_scene_28                   scene_28
     00000012  ___bank_scene_28_actors            scene_28_actors
     00000012  ___bank_scene_28_projectiles       scene_28_projectiles
     00000012  ___bank_scene_28_sprites           scene_28_sprites
     00000012  ___bank_scene_28_triggers          scene_28_triggers
     00000012  ___bank_scene_29                   scene_29
     00000012  ___bank_scene_2_actors             scene_2_actors
     00000012  ___bank_scene_3                    scene_3
     00000012  ___bank_scene_30                   scene_30
     00000012  ___bank_scene_31                   scene_31
     00000012  ___bank_scene_32                   scene_32
     00000012  ___bank_scene_32_actors            scene_32_actors
     00000012  ___bank_scene_32_projectiles       scene_32_projectiles
     00000012  ___bank_scene_32_sprites           scene_32_sprites
     00000012  ___bank_scene_32_triggers          scene_32_triggers
     00000012  ___bank_scene_33                   scene_33
     00000012  ___bank_scene_34                   scene_34
     00000012  ___bank_scene_34_actors            scene_34_actors
     00000012  ___bank_scene_34_projectiles       scene_34_projectiles
ASxxxx Linker V03.00 + NoICE + sdld,  page 14.
Hexadecimal  [32-Bits]

Area                                    Addr        Size        Decimal Bytes (Attributes)
--------------------------------        ----        ----        ------- ----- ------------
.  .ABS.                            00000000    00000000 =           0. bytes (ABS,CON)

      Value  Global                              Global Defined In Module
      -----  --------------------------------   ------------------------
     00000012  ___bank_scene_34_sprites           scene_34_sprites
     00000012  ___bank_scene_34_triggers          scene_34_triggers
     00000012  ___bank_scene_35                   scene_35
     00000012  ___bank_scene_36                   scene_36
     00000012  ___bank_scene_36_actors            scene_36_actors
     00000012  ___bank_scene_36_projectiles       scene_36_projectiles
     00000012  ___bank_scene_36_sprites           scene_36_sprites
     00000012  ___bank_scene_36_triggers          scene_36_triggers
     00000012  ___bank_scene_37                   scene_37
     00000012  ___bank_scene_38                   scene_38
     00000012  ___bank_scene_39                   scene_39
     00000012  ___bank_scene_39_actors            scene_39_actors
     00000012  ___bank_scene_3_actors             scene_3_actors
     00000012  ___bank_scene_4                    scene_4
     00000012  ___bank_scene_40                   scene_40
     00000012  ___bank_scene_40_actors            scene_40_actors
     00000012  ___bank_scene_41                   scene_41
     00000012  ___bank_scene_41_actors            scene_41_actors
     00000012  ___bank_scene_42                   scene_42
     00000012  ___bank_scene_5                    scene_5
     00000012  ___bank_scene_6                    scene_6
     00000012  ___bank_scene_6_actors             scene_6_actors
     00000012  ___bank_scene_7                    scene_7
     00000012  ___bank_scene_8                    scene_8
     00000012  ___bank_scene_8_projectiles        scene_8_projectiles
     00000012  ___bank_scene_8_triggers           scene_8_triggers
     00000012  ___bank_scene_9                    scene_9
     00000012  ___bank_script_engine_init         
     00000012  ___bank_script_input_1             script_input_1
     00000012  ___bank_script_s10a1_update        script_s10a1_update
     00000012  ___bank_script_s12a0_update        script_s12a0_update
     00000012  ___bank_script_s16a0_update        script_s16a0_update
     00000012  ___bank_script_s18a0_update        script_s18a0_update
     00000012  ___bank_script_s20a0_update        script_s20a0_update
     00000012  ___bank_script_s24a0_update        script_s24a0_update
     00000012  ___bank_script_s26a0_update        script_s26a0_update
     00000012  ___bank_script_s28a0_update        script_s28a0_update
     00000012  ___bank_script_s2_init             script_s2_init
     00000012  ___bank_script_s2a0_update         script_s2a0_update
     00000012  ___bank_script_s32a0_update        script_s32a0_update
     00000012  ___bank_script_s34a0_update        script_s34a0_update
     00000012  ___bank_script_s36a0_update        script_s36a0_update
     00000012  ___bank_script_s39_init            script_s39_init
     00000012  ___bank_script_s3_init             script_s3_init
     00000012  ___bank_script_s40_init            script_s40_init
     00000012  ___bank_script_s41_init            script_s41_init
     00000012  ___bank_script_s42_init            script_s42_init
     00000012  ___bank_script_s4_init             script_s4_init
     00000012  ___bank_script_s5_init             script_s5_init
     00000012  ___bank_script_s6_init             script_s6_init
     00000012  ___bank_script_s8a0_update         script_s8a0_update
ASxxxx Linker V03.00 + NoICE + sdld,  page 15.
Hexadecimal  [32-Bits]

Area                                    Addr        Size        Decimal Bytes (Attributes)
--------------------------------        ----        ----        ------- ----- ------------
.  .ABS.                            00000000    00000000 =           0. bytes (ABS,CON)

      Value  Global                              Global Defined In Module
      -----  --------------------------------   ------------------------
     00000012  ___bank_script_s8a10_update        script_s8a10_update
     00000012  ___bank_script_s8a12_update        script_s8a12_update
     00000012  ___bank_script_s8a14_update        script_s8a14_update
     00000012  ___bank_script_s8a17_update        script_s8a17_update
     00000012  ___bank_script_s8a18_update        script_s8a18_update
     00000012  ___bank_script_s8a19_update        script_s8a19_update
     00000012  ___bank_script_s8a1_update         script_s8a1_update
     00000012  ___bank_script_s8a3_update         script_s8a3_update
     00000012  ___bank_script_s8a6_update         script_s8a6_update
     00000012  ___bank_script_s8a7_update         script_s8a7_update
     00000012  ___bank_script_s8a9_update         script_s8a9_update
     00000012  ___bank_spritesheet_1              spritesheet_1
     00000012  ___bank_spritesheet_10             spritesheet_10
     00000012  ___bank_spritesheet_12             spritesheet_12
     00000012  ___bank_spritesheet_14             spritesheet_14
     00000012  ___bank_spritesheet_17             spritesheet_17
     00000012  ___bank_spritesheet_18             spritesheet_18
     00000012  ___bank_spritesheet_19             spritesheet_19
     00000012  ___bank_spritesheet_2              spritesheet_2
     00000012  ___bank_spritesheet_20             spritesheet_20
     00000012  ___bank_spritesheet_21             spritesheet_21
     00000012  ___bank_spritesheet_22             spritesheet_22
     00000012  ___bank_spritesheet_23             spritesheet_23
     00000012  ___bank_spritesheet_24             spritesheet_24
     00000012  ___bank_spritesheet_25             spritesheet_25
     00000012  ___bank_spritesheet_26             spritesheet_26
     00000012  ___bank_spritesheet_27             spritesheet_27
     00000012  ___bank_spritesheet_3              spritesheet_3
     00000012  ___bank_spritesheet_5              spritesheet_5
     00000012  ___bank_spritesheet_6              spritesheet_6
     00000012  ___bank_spritesheet_8              spritesheet_8
     00000012  ___bank_spritesheet_none           spritesheet_none
     00000012  ___bank_tileset_14                 tileset_14
     00000012  ___bank_tileset_19                 tileset_19
     0000001C  __start_save                    
     0000002D  l__GSINIT                       
     00000030  l__HEADER6                      
     0000004E  l__HEADER4                      
     00000082  l__HEADER10                     
     000001CB  l__CRASH_SCRATCH2               
     00000200  s__CODE                         
     00000C03  l__CODE                         
     00000E03  s__HOME                         
     000018FB  l__DATA                         
     00002000  _rROMB0                            
     000027A6  l__HOME                         
     0000296D  l__CODE_4                       
     000029A6  l__CODE_1                       
     000029B1  l__CODE_18                      
     00002ADB  l__CODE_3                       
     00003000  _rROMB1                            
ASxxxx Linker V03.00 + NoICE + sdld,  page 16.
Hexadecimal  [32-Bits]

Area                                    Addr        Size        Decimal Bytes (Attributes)
--------------------------------        ----        ----        ------- ----- ------------
.  .ABS.                            00000000    00000000 =           0. bytes (ABS,CON)

      Value  Global                              Global Defined In Module
      -----  --------------------------------   ------------------------
     000035A9  s__BASE                         
     000035A9  s__CODE_0                       
     000035A9  s__INITIALIZER                  
     000035A9  s__LIT                          
     000035B7  s__GSINIT                       
     000035E4  s__GSFINAL                      
     0000395A  l__CODE_2                       
     00003FFE  l__CODE_5                       
     00003FFE  l__CODE_6                       
     00003FFF  l__CODE_10                      
     00003FFF  l__CODE_13                      
     00003FFF  l__CODE_7                       
     00003FFF  l__CODE_8                       
     00004000  _RTC_SELECT_REG                    vm_rtc
     00004000  _rRAMB                             
     00004000  l__CODE_11                      
     00004000  l__CODE_12                      
     00004000  l__CODE_14                      
     00004000  l__CODE_15                      
     00004000  l__CODE_16                      
     00004000  l__CODE_17                      
     00004000  l__CODE_9                       
     00006000  _RTC_LATCH_REG                     vm_rtc
     00008000  __VRAM                             
     00008000  __VRAM8000                         
     00008800  __VRAM8800                         
     00009000  __VRAM9000                         
     00009800  __SCRN0                            
     00009C00  __SCRN1                            
     0000A000  _RTC_VALUE_REG                     vm_rtc
     0000A000  __SRAM                             
     0000C000  __RAM                              
     0000C000  _shadow_OAM                     
     0000C0A0  s__DATA                         
     0000D000  __RAMBANK                          
     0000D99B  s__BSS                          
     0000D99B  s__INITIALIZED                  
     0000D9A9  s__HEAP                         
     0000DF00  .STACK                          
     0000DF00  _shadow_OAM2                       absolute
     0000DFA0  _BkgPalette                        absolute
     0000DFE0  _vwf_tile_data                     absolute
     0000FE00  __OAMRAM                           
     0000FF00  _P1_REG                            
     0000FF00  __IO                               
     0000FF01  _SB_REG                            
     0000FF02  _SC_REG                            
     0000FF04  _DIV_REG                           
     0000FF05  _TIMA_REG                          
     0000FF06  _TMA_REG                           
     0000FF07  _TAC_REG                           
ASxxxx Linker V03.00 + NoICE + sdld,  page 17.
Hexadecimal  [32-Bits]

Area                                    Addr        Size        Decimal Bytes (Attributes)
--------------------------------        ----        ----        ------- ----- ------------
.  .ABS.                            00000000    00000000 =           0. bytes (ABS,CON)

      Value  Global                              Global Defined In Module
      -----  --------------------------------   ------------------------
     0000FF0F  _IF_REG                            
     0000FF10  _NR10_REG                          
     0000FF11  _NR11_REG                          
     0000FF12  _NR12_REG                          
     0000FF13  _NR13_REG                          
     0000FF14  _NR14_REG                          
     0000FF16  _NR21_REG                          
     0000FF17  _NR22_REG                          
     0000FF18  _NR23_REG                          
     0000FF19  _NR24_REG                          
     0000FF1A  _NR30_REG                          
     0000FF1B  _NR31_REG                          
     0000FF1C  _NR32_REG                          
     0000FF1D  _NR33_REG                          
     0000FF1E  _NR34_REG                          
     0000FF20  _NR41_REG                          
     0000FF21  _NR42_REG                          
     0000FF22  _NR43_REG                          
     0000FF23  _NR44_REG                          
     0000FF24  _NR50_REG                          
     0000FF25  _NR51_REG                          
     0000FF26  _NR52_REG                          
     0000FF30  _PCM_SAMPLE                        
     0000FF30  __AUD3WAVERAM                      
     0000FF40  _LCDC_REG                          
     0000FF41  _STAT_REG                          
     0000FF42  _SCY_REG                           
     0000FF43  _SCX_REG                           
     0000FF44  _LY_REG                            
     0000FF45  _LYC_REG                           
     0000FF46  _DMA_REG                           
     0000FF47  _BGP_REG                           
     0000FF48  _OBP0_REG                          
     0000FF49  _OBP1_REG                          
     0000FF4A  _WY_REG                            
     0000FF4B  _WX_REG                            
     0000FF4D  _KEY1_REG                          
     0000FF4F  _VBK_REG                           
     0000FF51  _HDMA1_REG                         
     0000FF52  _HDMA2_REG                         
     0000FF53  _HDMA3_REG                         
     0000FF54  _HDMA4_REG                         
     0000FF55  _HDMA5_REG                         
     0000FF56  _RP_REG                            
     0000FF68  _BCPS_REG                          
     0000FF69  _BCPD_REG                          
     0000FF6A  _OCPS_REG                          
     0000FF6B  _OCPD_REG                          
     0000FF70  _SVBK_REG                          
     0000FF76  _PCM12_REG                         
     0000FF77  _PCM34_REG                         
ASxxxx Linker V03.00 + NoICE + sdld,  page 18.
Hexadecimal  [32-Bits]

Area                                    Addr        Size        Decimal Bytes (Attributes)
--------------------------------        ----        ----        ------- ----- ------------
.  .ABS.                            00000000    00000000 =           0. bytes (ABS,CON)

      Value  Global                              Global Defined In Module
      -----  --------------------------------   ------------------------
     0000FF80  .refresh_OAM                    
     0000FF80  __HRAM                             
     0000FFFF  _IE_REG                            
     00014000  s__CODE_1                       
     00024000  s__CODE_2                       
     00034000  s__CODE_3                       
     00044000  s__CODE_4                       
     00054000  s__CODE_5                       
     00064000  s__CODE_6                       
     00074000  s__CODE_7                       
     00084000  s__CODE_8                       
     00094000  s__CODE_9                       
     000A4000  s__CODE_10                      
     000B4000  s__CODE_11                      
     000C4000  s__CODE_12                      
     000D4000  s__CODE_13                      
     000E4000  s__CODE_14                      
     000F4000  s__CODE_15                      
     00104000  s__CODE_16                      
     00114000  s__CODE_17                      
     00124000  s__CODE_18                      

ASxxxx Linker V03.00 + NoICE + sdld,  page 19.
Hexadecimal  [32-Bits]

Area                                    Addr        Size        Decimal Bytes (Attributes)
--------------------------------        ----        ----        ------- ----- ------------
_CODE                               00000200    00000C03 =        3075. bytes (REL,CON)

      Value  Global                              Global Defined In Module
      -----  --------------------------------   ------------------------
     00000200  ___HandleCrash                     
     0000020A  _SIO_send_byte                     
     0000021D  _SIO_receive                       
     0000022E  _hide_hardware_sprites             OAM_utils
     0000025A  _SetTile                           
     00000269  _set_win_tile_xy                   
     0000026E  _set_bkg_tile_xy                   
     00000291  _GetWinAddr                        
     00000299  _GetBkgAddr                        
     000002A7  _state_init                        
     000002AC  _state_update                      
     000002CE  _ui_time_masks                     
     000002D6  _ui_print_shift_char               
     00000359  _ui_draw_frame_row                 
     00000362  .ui_draw_frame_row                 
     0000038B  _script_cmds                       vm_instructions
     00000529  _start_scene_x                     
     0000052B  _start_scene_y                     
     0000052D  _start_scene_dir                   
     0000052E  _start_scene                       
     00000531  _start_player_move_speed           
     00000532  _start_player_anim_tick            
     00000533  _ui_fonts                          
     00000536  _core_reset_hook                   main
     0000053E  _main                              main
     00000546  _state_start_fns                   
     00000558  _state_update_fns                  
     0000056A  _hUGE_init_banked                  hUGEDriver_obj
     0000056E  _hUGE_init                         hUGEDriver_obj
     00000579  _hUGE_mute_channel_banked          hUGEDriver_obj
     0000057D  _hUGE_mute_channel                 hUGEDriver_obj
     0000058A  hUGE_mute_channel                  hUGEDriver_obj
     000005A4  _hUGE_set_position_banked          hUGEDriver_obj
     000005A8  _hUGE_set_position                 hUGEDriver_obj
     000005B1  hUGE_init                          hUGEDriver_obj
     0000081E  hUGE_set_position                  hUGEDriver_obj
     000009BC  _hUGE_dosound                      hUGEDriver_obj
     000009BC  _hUGE_dosound_banked               hUGEDriver_obj
     00000CD0  _set_sprite_palette                CGB
     00000CD5  _set_bkg_palette                   CGB
     00000CD8  .set_palette                       CGB
     00000CF7  _set_sprite_palette_entry          CGB
     00000CFC  _set_bkg_palette_entry             CGB
     00000CFF  .set_palette_entry                 CGB
     00000D1B  .sgb_check                         
     00000D1B  _sgb_check                         
     00000D63  _sgb_transfer                      
     00000D68  .sgb_transfer                      
     00000DA9  ___move_metasprite                 Metasprites
     00000DE1  _cpu_slow                          CGB
ASxxxx Linker V03.00 + NoICE + sdld,  page 20.
Hexadecimal  [32-Bits]

Area                                    Addr        Size        Decimal Bytes (Attributes)
--------------------------------        ----        ----        ------- ----- ------------
_CODE                               00000200    00000C03 =        3075. bytes (REL,CON)

      Value  Global                              Global Defined In Module
      -----  --------------------------------   ------------------------
     00000DFC  _cpu_fast                          CGB
ASxxxx Linker V03.00 + NoICE + sdld,  page 21.
Hexadecimal  [32-Bits]

Area                                    Addr        Size        Decimal Bytes (Attributes)
--------------------------------        ----        ----        ------- ----- ------------
_HEADER0                            00000000    00000001 =           1. bytes (ABS,CON)

      Value  Global                              Global Defined In Module
      -----  --------------------------------   ------------------------
     00000020  .call_hl                           Runtime

ASxxxx Linker V03.00 + NoICE + sdld,  page 22.
Hexadecimal  [32-Bits]

Area                                    Addr        Size        Decimal Bytes (Attributes)
--------------------------------        ----        ----        ------- ----- ------------
_HEADER1                            00000000    00000005 =           5. bytes (ABS,CON)

      Value  Global                              Global Defined In Module
      -----  --------------------------------   ------------------------
     00000028  .MemsetSmall                       Runtime

ASxxxx Linker V03.00 + NoICE + sdld,  page 23.
Hexadecimal  [32-Bits]

Area                                    Addr        Size        Decimal Bytes (Attributes)
--------------------------------        ----        ----        ------- ----- ------------
_HEADER2                            00000000    00000007 =           7. bytes (ABS,CON)

      Value  Global                              Global Defined In Module
      -----  --------------------------------   ------------------------
     00000030  .MemcpySmall                       Runtime

ASxxxx Linker V03.00 + NoICE + sdld,  page 24.
Hexadecimal  [32-Bits]

Area                                    Addr        Size        Decimal Bytes (Attributes)
--------------------------------        ----        ----        ------- ----- ------------
_HEADER3                            00000000    00000008 =           8. bytes (ABS,CON)

      Value  Global                              Global Defined In Module
      -----  --------------------------------   ------------------------
ASxxxx Linker V03.00 + NoICE + sdld,  page 25.
Hexadecimal  [32-Bits]

Area                                    Addr        Size        Decimal Bytes (Attributes)
--------------------------------        ----        ----        ------- ----- ------------
_HEADER4                            00000000    0000004E =          78. bytes (ABS,CON)

      Value  Global                              Global Defined In Module
      -----  --------------------------------   ------------------------
     00000080  .int                               Runtime
     0000008F  _wait_int_handler                  Runtime
     0000009C  __standard_VBL_handler             Runtime
     000000AC  _refresh_OAM                       Runtime

ASxxxx Linker V03.00 + NoICE + sdld,  page 26.
Hexadecimal  [32-Bits]

Area                                    Addr        Size        Decimal Bytes (Attributes)
--------------------------------        ----        ----        ------- ----- ------------
_HEADER5                            00000000    00000002 =           2. bytes (ABS,CON)

      Value  Global                              Global Defined In Module
      -----  --------------------------------   ------------------------
ASxxxx Linker V03.00 + NoICE + sdld,  page 27.
Hexadecimal  [32-Bits]

Area                                    Addr        Size        Decimal Bytes (Attributes)
--------------------------------        ----        ----        ------- ----- ------------
_HEADER6                            00000000    00000030 =          48. bytes (ABS,CON)

      Value  Global                              Global Defined In Module
      -----  --------------------------------   ------------------------
ASxxxx Linker V03.00 + NoICE + sdld,  page 28.
Hexadecimal  [32-Bits]

Area                                    Addr        Size        Decimal Bytes (Attributes)
--------------------------------        ----        ----        ------- ----- ------------
_HEADER7                            00000000    00000006 =           6. bytes (ABS,CON)

      Value  Global                              Global Defined In Module
      -----  --------------------------------   ------------------------
ASxxxx Linker V03.00 + NoICE + sdld,  page 29.
Hexadecimal  [32-Bits]

Area                                    Addr        Size        Decimal Bytes (Attributes)
--------------------------------        ----        ----        ------- ----- ------------
_HEADER8                            00000000    00000003 =           3. bytes (ABS,CON)

      Value  Global                              Global Defined In Module
      -----  --------------------------------   ------------------------
ASxxxx Linker V03.00 + NoICE + sdld,  page 30.
Hexadecimal  [32-Bits]

Area                                    Addr        Size        Decimal Bytes (Attributes)
--------------------------------        ----        ----        ------- ----- ------------
_HEADER9                            00000000    00000001 =           1. bytes (ABS,CON)

      Value  Global                              Global Defined In Module
      -----  --------------------------------   ------------------------
ASxxxx Linker V03.00 + NoICE + sdld,  page 31.
Hexadecimal  [32-Bits]

Area                                    Addr        Size        Decimal Bytes (Attributes)
--------------------------------        ----        ----        ------- ----- ------------
_HEADERa                            00000000    00000001 =           1. bytes (ABS,CON)

      Value  Global                              Global Defined In Module
      -----  --------------------------------   ------------------------
ASxxxx Linker V03.00 + NoICE + sdld,  page 32.
Hexadecimal  [32-Bits]

Area                                    Addr        Size        Decimal Bytes (Attributes)
--------------------------------        ----        ----        ------- ----- ------------
_HEADERb                            00000000    00000001 =           1. bytes (ABS,CON)

      Value  Global                              Global Defined In Module
      -----  --------------------------------   ------------------------
ASxxxx Linker V03.00 + NoICE + sdld,  page 33.
Hexadecimal  [32-Bits]

Area                                    Addr        Size        Decimal Bytes (Attributes)
--------------------------------        ----        ----        ------- ----- ------------
_HEADERc                            00000000    00000002 =           2. bytes (ABS,CON)

      Value  Global                              Global Defined In Module
      -----  --------------------------------   ------------------------
ASxxxx Linker V03.00 + NoICE + sdld,  page 34.
Hexadecimal  [32-Bits]

Area                                    Addr        Size        Decimal Bytes (Attributes)
--------------------------------        ----        ----        ------- ----- ------------
_HEADERd                            00000000    00000001 =           1. bytes (ABS,CON)

      Value  Global                              Global Defined In Module
      -----  --------------------------------   ------------------------
ASxxxx Linker V03.00 + NoICE + sdld,  page 35.
Hexadecimal  [32-Bits]

Area                                    Addr        Size        Decimal Bytes (Attributes)
--------------------------------        ----        ----        ------- ----- ------------
_HEADERe                            00000000    00000001 =           1. bytes (ABS,CON)

      Value  Global                              Global Defined In Module
      -----  --------------------------------   ------------------------
ASxxxx Linker V03.00 + NoICE + sdld,  page 36.
Hexadecimal  [32-Bits]

Area                                    Addr        Size        Decimal Bytes (Attributes)
--------------------------------        ----        ----        ------- ----- ------------
_HEADERf                            00000000    00000002 =           2. bytes (ABS,CON)

      Value  Global                              Global Defined In Module
      -----  --------------------------------   ------------------------
ASxxxx Linker V03.00 + NoICE + sdld,  page 37.
Hexadecimal  [32-Bits]

Area                                    Addr        Size        Decimal Bytes (Attributes)
--------------------------------        ----        ----        ------- ----- ------------
_HEADER10                           00000000    00000082 =         130. bytes (ABS,CON)

      Value  Global                              Global Defined In Module
      -----  --------------------------------   ------------------------
     00000150  .reset                             Runtime
     00000150  _reset                             Runtime
     00000157  .code_start                        Runtime
     000001B7  _exit                              Runtime
     000001BB  _set_interrupts                    Runtime

ASxxxx Linker V03.00 + NoICE + sdld,  page 38.
Hexadecimal  [32-Bits]

Area                                    Addr        Size        Decimal Bytes (Attributes)
--------------------------------        ----        ----        ------- ----- ------------
_HEADER11                           00000000    00000001 =           1. bytes (ABS,CON)

      Value  Global                              Global Defined In Module
      -----  --------------------------------   ------------------------
ASxxxx Linker V03.00 + NoICE + sdld,  page 39.
Hexadecimal  [32-Bits]

Area                                    Addr        Size        Decimal Bytes (Attributes)
--------------------------------        ----        ----        ------- ----- ------------
_HOME                               00000E03    000027A6 =       10150. bytes (REL,CON)

      Value  Global                              Global Defined In Module
      -----  --------------------------------   ------------------------
     00000E03  .memset_simple                     Runtime
     00000E0C  .memcpy_simple                     Runtime
     00000E29  .remove_VBL                        Runtime
     00000E2C  .remove_int                        Runtime
     00000E49  .add_VBL                           Runtime
     00000E4C  .add_int                           Runtime
     00000E57  .wait_vbl_done                     Runtime
     00000E57  _wait_vbl_done                     Runtime
     00000E67  .display_off                       Runtime
     00000E67  _display_off                       Runtime
     00000E7F  _remove_VBL                        Runtime
     00000E8A  _add_VBL                           Runtime
     00000E95  _actors_update                     actor
     00001208  _SetBankedBkgData                  bankdata
     00001224  _SetBankedSpriteData               bankdata
     00001240  _SetBankedBkgTiles                 bankdata
     0000125C  _SetBankedWinTiles                 bankdata
     00001278  _ReadBankedFarPtr                  bankdata
     0000129F  _ReadBankedUWORD                   bankdata
     000012BB  _MemcpyBanked                      bankdata
     000012D7  _MemcpyVRAMBanked                  bankdata
     000012F3  _camera_update                     camera
     00001426  _load_animations                   data_manager
     00001485  _events_update                     events
     00001555  _timers_update                     events
     000015DD  _input_update                      input
     0000160C  .sio_ISR                           
     00001666  .timer_ISR                         
     0000167B  _simple_LCD_isr                    interrupts
     000016C6  _fullscreen_LCD_isr                interrupts
     000016F7  _VBL_isr                           interrupts
     00001734  _isqrt                             math
     0000178A  _sine_wave                         math
     0000188A  _dir_lookup                        math
     00001892  _dir_angle_lookup                  math
     00001896  _hUGETrackerRoutine                music_manager
     000018C2  _music_events_update               music_manager
     00001944  _music_play                        music_manager
     000019C4  _music_mute                        music_manager
     000019EC  _music_update                      music_manager
     00001A4C  _sound_stop                        music_manager
     00001A7D  _parallax_LCD_isr                  parallax
     00001ABA  _projectiles_update                projectiles
     00001E73  _projectiles_render                projectiles
     00001FE6  _sample_play_isr                   sample_player
     00002065  _scroll_load_pending_row           scroll
     000020F1  _scroll_load_row                   scroll
     0000216B  _scroll_load_col                   scroll
     000021D6  _scroll_load_pending_col           scroll
     00002267  _set_bkg_submap                    
ASxxxx Linker V03.00 + NoICE + sdld,  page 40.
Hexadecimal  [32-Bits]

Area                                    Addr        Size        Decimal Bytes (Attributes)
--------------------------------        ----        ----        ------- ----- ------------
_HOME                               00000E03    000027A6 =       10150. bytes (REL,CON)

      Value  Global                              Global Defined In Module
      -----  --------------------------------   ------------------------
     000022AA  _set_xy_win_submap                 
     000022D3  .set_xy_win_submap                 
     000022DC  .set_xy_bkg_submap                 
     000022EB  .set_xy_submap                     
     00002331  _on_SIO_receive                    sio
     00002372  _SIO_update                        sio
     000023D9  _ui_update                         ui
     00002499  _vm_sgb_transfer                   vm_sgb
     000024E7  _vm_load_text                      vm_ui
     0000273C  _vm_beginthread                    vm
     00002861  _vm_rpn                            vm
     00002F25  _vm_call_native                    vm
     00002F2F  _VM_STEP                           vm
     00002F99  _script_runner_update              vm
     00003113  _fill_win_rect                     
     00003125  _rand                              
     00003125  _randw                             
     00003150  _initrand                          
     00003152  .initrand                          
     0000315B  __mulsuchar                        mul
     00003165  __muluschar                        mul
     0000316F  __mulschar                         mul
     00003181  __muluchar                         mul
     0000318D  __mulint                           mul
     000031B3  _abs                               abs
     000031C2  _set_win_tiles                     
     000031D6  _set_tile_data                     
[...]
C:/Users/luisc/AppData/Local/Temp/_gbsbuild/obj/spritesheet_12.rel
                                          [ spritesheet_12 ]
C:/Users/luisc/AppData/Local/Temp/_gbsbuild/obj/spritesheet_13.rel
                                          [ spritesheet_13 ]
C:/Users/luisc/AppData/Local/Temp/_gbsbuild/obj/spritesheet_14.rel
                                          [ spritesheet_14 ]
C:/Users/luisc/AppData/Local/Temp/_gbsbuild/obj/spritesheet_15.rel
                                          [ spritesheet_15 ]
C:/Users/luisc/AppData/Local/Temp/_gbsbuild/obj/spritesheet_16.rel
                                          [ spritesheet_16 ]
C:/Users/luisc/AppData/Local/Temp/_gbsbuild/obj/spritesheet_17.rel
                                          [ spritesheet_17 ]
C:/Users/luisc/AppData/Local/Temp/_gbsbuild/obj/spritesheet_18.rel
                                          [ spritesheet_18 ]
C:/Users/luisc/AppData/Local/Temp/_gbsbuild/obj/spritesheet_19.rel
                                          [ spritesheet_19 ]
C:/Users/luisc/AppData/Local/Temp/_gbsbuild/obj/spritesheet_2.rel
                                          [ spritesheet_2 ]
C:/Users/luisc/AppData/Local/Temp/_gbsbuild/obj/spritesheet_20.rel
                                          [ spritesheet_20 ]
C:/Users/luisc/AppData/Local/Temp/_gbsbuild/obj/spritesheet_21.rel
                                          [ spritesheet_21 ]
C:/Users/luisc/AppData/Local/Temp/_gbsbuild/obj/spritesheet_22.rel
                                          [ spritesheet_22 ]
C:/Users/luisc/AppData/Local/Temp/_gbsbuild/obj/spritesheet_23.rel
                                          [ spritesheet_23 ]
C:/Users/luisc/AppData/Local/Temp/_gbsbuild/obj/spritesheet_24.rel
                                          [ spritesheet_24 ]
C:/Users/luisc/AppData/Local/Temp/_gbsbuild/obj/spritesheet_25.rel
                                          [ spritesheet_25 ]
C:/Users/luisc/AppData/Local/Temp/_gbsbuild/obj/spritesheet_26.rel
                                          [ spritesheet_26 ]
C:/Users/luisc/AppData/Local/Temp/_gbsbuild/obj/spritesheet_27.rel
                                          [ spritesheet_27 ]
C:/Users/luisc/AppData/Local/Temp/_gbsbuild/obj/spritesheet_3.rel
                                          [ spritesheet_3 ]
C:/Users/luisc/AppData/Local/Temp/_gbsbuild/obj/spritesheet_4.rel
                                          [ spritesheet_4 ]
C:/Users/luisc/AppData/Local/Temp/_gbsbuild/obj/spritesheet_5.rel
                                          [ spritesheet_5 ]
C:/Users/luisc/AppData/Local/Temp/_gbsbuild/obj/spritesheet_6.rel
                                          [ spritesheet_6 ]
C:/Users/luisc/AppData/Local/Temp/_gbsbuild/obj/spritesheet_7.rel
                                          [ spritesheet_7 ]
C:/Users/luisc/AppData/Local/Temp/_gbsbuild/obj/spritesheet_8.rel
                                          [ spritesheet_8 ]
C:/Users/luisc/AppData/Local/Temp/_gbsbuild/obj/spritesheet_9.rel
                                          [ spritesheet_9 ]
C:/Users/luisc/AppData/Local/Temp/_gbsbuild/obj/spritesheet_none.rel
                                          [ spritesheet_none ]
C:/Users/luisc/AppData/Local/Temp/_gbsbuild/obj/tilemap_0.rel
                                          [ tilemap_0 ]
C:/Users/luisc/AppData/Local/Temp/_gbsbuild/obj/tilemap_1.rel
                                          [ tilemap_1 ]
C:/Users/luisc/AppData/Local/Temp/_gbsbuild/obj/tilemap_10.rel
                                          [ tilemap_10 ]
C:/Users/luisc/AppData/Local/Temp/_gbsbuild/obj/tilemap_11.rel
                                          [ tilemap_11 ]
C:/Users/luisc/AppData/Local/Temp/_gbsbuild/obj/tilemap_12.rel
                                          [ tilemap_12 ]
C:/Users/luisc/AppData/Local/Temp/_gbsbuild/obj/tilemap_13.rel
                                          [ tilemap_13 ]
C:/Users/luisc/AppData/Local/Temp/_gbsbuild/obj/tilemap_14.rel
                                          [ tilemap_14 ]
C:/Users/luisc/AppData/Local/Temp/_gbsbuild/obj/tilemap_15.rel
                                          [ tilemap_15 ]
C:/Users/luisc/AppData/Local/Temp/_gbsbuild/obj/tilemap_16.rel
                                          [ tilemap_16 ]
C:/Users/luisc/AppData/Local/Temp/_gbsbuild/obj/tilemap_17.rel
                                          [ tilemap_17 ]
C:/Users/luisc/AppData/Local/Temp/_gbsbuild/obj/tilemap_18.rel
                                          [ tilemap_18 ]
C:/Users/luisc/AppData/Local/Temp/_gbsbuild/obj/tilemap_19.rel
                                          [ tilemap_19 ]
C:/Users/luisc/AppData/Local/Temp/_gbsbuild/obj/tilemap_2.rel
                                          [ tilemap_2 ]
C:/Users/luisc/AppData/Local/Temp/_gbsbuild/obj/tilemap_20.rel
                                          [ tilemap_20 ]
C:/Users/luisc/AppData/Local/Temp/_gbsbuild/obj/tilemap_21.rel
                                          [ tilemap_21 ]
C:/Users/luisc/AppData/Local/Temp/_gbsbuild/obj/tilemap_22.rel
                                          [ tilemap_22 ]
C:/Users/luisc/AppData/Local/Temp/_gbsbuild/obj/tilemap_23.rel
                                          [ tilemap_23 ]
C:/Users/luisc/AppData/Local/Temp/_gbsbuild/obj/tilemap_24.rel
                                          [ tilemap_24 ]
C:/Users/luisc/AppData/Local/Temp/_gbsbuild/obj/tilemap_25.rel
                                          [ tilemap_25 ]
C:/Users/luisc/AppData/Local/Temp/_gbsbuild/obj/tilemap_26.rel
                                          [ tilemap_26 ]
C:/Users/luisc/AppData/Local/Temp/_gbsbuild/obj/tilemap_27.rel
                                          [ tilemap_27 ]
C:/Users/luisc/AppData/Local/Temp/_gbsbuild/obj/tilemap_28.rel
                                          [ tilemap_28 ]
C:/Users/luisc/AppData/Local/Temp/_gbsbuild/obj/tilemap_29.rel
                                          [ tilemap_29 ]
C:/Users/luisc/AppData/Local/Temp/_gbsbuild/obj/tilemap_3.rel
                                          [ tilemap_3 ]
C:/Users/luisc/AppData/Local/Temp/_gbsbuild/obj/tilemap_30.rel
                                          [ tilemap_30 ]
C:/Users/luisc/AppData/Local/Temp/_gbsbuild/obj/tilemap_31.rel
                                          [ tilemap_31 ]
C:/Users/luisc/AppData/Local/Temp/_gbsbuild/obj/tilemap_32.rel
                                          [ tilemap_32 ]
C:/Users/luisc/AppData/Local/Temp/_gbsbuild/obj/tilemap_33.rel
                                          [ tilemap_33 ]
C:/Users/luisc/AppData/Local/Temp/_gbsbuild/obj/tilemap_34.rel
                                          [ tilemap_34 ]
C:/Users/luisc/AppData/Local/Temp/_gbsbuild/obj/tilemap_35.rel
                                          [ tilemap_35 ]
C:/Users/luisc/AppData/Local/Temp/_gbsbuild/obj/tilemap_36.rel
                                          [ tilemap_36 ]
C:/Users/luisc/AppData/Local/Temp/_gbsbuild/obj/tilemap_37.rel
                                          [ tilemap_37 ]
C:/Users/luisc/AppData/Local/Temp/_gbsbuild/obj/tilemap_38.rel
                                          [ tilemap_38 ]
C:/Users/luisc/AppData/Local/Temp/_gbsbuild/obj/tilemap_4.rel
                                          [ tilemap_4 ]
C:/Users/luisc/AppData/Local/Temp/_gbsbuild/obj/tilemap_5.rel
                                          [ tilemap_5 ]
C:/Users/luisc/AppData/Local/Temp/_gbsbuild/obj/tilemap_6.rel
                                          [ tilemap_6 ]
C:/Users/luisc/AppData/Local/Temp/_gbsbuild/obj/tilemap_7.rel
                                          [ tilemap_7 ]
C:/Users/luisc/AppData/Local/Temp/_gbsbuild/obj/tilemap_8.rel
                                          [ tilemap_8 ]
C:/Users/luisc/AppData/Local/Temp/_gbsbuild/obj/tilemap_9.rel
                                          [ tilemap_9 ]
C:/Users/luisc/AppData/Local/Temp/_gbsbuild/obj/tilemap_attr_0.rel
                                          [ tilemap_attr_0 ]
C:/Users/luisc/AppData/Local/Temp/_gbsbuild/obj/tilemap_attr_1.rel
                                          [ tilemap_attr_1 ]
C:/Users/luisc/AppData/Local/Temp/_gbsbuild/obj/tilemap_attr_10.rel
                                          [ tilemap_attr_10 ]
C:/Users/luisc/AppData/Local/Temp/_gbsbuild/obj/tilemap_attr_11.rel
                                          [ tilemap_attr_11 ]
C:/Users/luisc/AppData/Local/Temp/_gbsbuild/obj/tilemap_attr_12.rel
                                          [ tilemap_attr_12 ]
C:/Users/luisc/AppData/Local/Temp/_gbsbuild/obj/tilemap_attr_13.rel
                                          [ tilemap_attr_13 ]
C:/Users/luisc/AppData/Local/Temp/_gbsbuild/obj/tilemap_attr_14.rel
                                          [ tilemap_attr_14 ]
C:/Users/luisc/AppData/Local/Temp/_gbsbuild/obj/tilemap_attr_15.rel
                                          [ tilemap_attr_15 ]
C:/Users/luisc/AppData/Local/Temp/_gbsbuild/obj/tilemap_attr_16.rel
                                          [ tilemap_attr_16 ]
C:/Users/luisc/AppData/Local/Temp/_gbsbuild/obj/tilemap_attr_17.rel
                                          [ tilemap_attr_17 ]
C:/Users/luisc/AppData/Local/Temp/_gbsbuild/obj/tilemap_attr_18.rel
                                          [ tilemap_attr_18 ]
C:/Users/luisc/AppData/Local/Temp/_gbsbuild/obj/tilemap_attr_2.rel
                                          [ tilemap_attr_2 ]
C:/Users/luisc/AppData/Local/Temp/_gbsbuild/obj/tilemap_attr_3.rel
                                          [ tilemap_attr_3 ]
C:/Users/luisc/AppData/Local/Temp/_gbsbuild/obj/tilemap_attr_4.rel
                                          [ tilemap_attr_4 ]
C:/Users/luisc/AppData/Local/Temp/_gbsbuild/obj/tilemap_attr_5.rel
                                          [ tilemap_attr_5 ]
C:/Users/luisc/AppData/Local/Temp/_gbsbuild/obj/tilemap_attr_6.rel
                                          [ tilemap_attr_6 ]
C:/Users/luisc/AppData/Local/Temp/_gbsbuild/obj/tilemap_attr_7.rel
                                          [ tilemap_attr_7 ]
C:/Users/luisc/AppData/Local/Temp/_gbsbuild/obj/tilemap_attr_8.rel
                                          [ tilemap_attr_8 ]
C:/Users/luisc/AppData/Local/Temp/_gbsbuild/obj/tilemap_attr_9.rel
                                          [ tilemap_attr_9 ]
C:/Users/luisc/AppData/Local/Temp/_gbsbuild/obj/tileset_0.rel
                                          [ tileset_0 ]
C:/Users/luisc/AppData/Local/Temp/_gbsbuild/obj/tileset_1.rel
                                          [ tileset_1 ]
C:/Users/luisc/AppData/Local/Temp/_gbsbuild/obj/tileset_10.rel
                                          [ tileset_10 ]
C:/Users/luisc/AppData/Local/Temp/_gbsbuild/obj/tileset_11.rel
                                          [ tileset_11 ]
C:/Users/luisc/AppData/Local/Temp/_gbsbuild/obj/tileset_12.rel
                                          [ tileset_12 ]
C:/Users/luisc/AppData/Local/Temp/_gbsbuild/obj/tileset_13.rel
                                          [ tileset_13 ]
C:/Users/luisc/AppData/Local/Temp/_gbsbuild/obj/tileset_14.rel
                                          [ tileset_14 ]
C:/Users/luisc/AppData/Local/Temp/_gbsbuild/obj/tileset_15.rel
                                          [ tileset_15 ]
C:/Users/luisc/AppData/Local/Temp/_gbsbuild/obj/tileset_16.rel
                                          [ tileset_16 ]
C:/Users/luisc/AppData/Local/Temp/_gbsbuild/obj/tileset_17.rel
                                          [ tileset_17 ]
C:/Users/luisc/AppData/Local/Temp/_gbsbuild/obj/tileset_18.rel
                                          [ tileset_18 ]
C:/Users/luisc/AppData/Local/Temp/_gbsbuild/obj/tileset_19.rel
                                          [ tileset_19 ]
C:/Users/luisc/AppData/Local/Temp/_gbsbuild/obj/tileset_2.rel
                                          [ tileset_2 ]
C:/Users/luisc/AppData/Local/Temp/_gbsbuild/obj/tileset_20.rel
                                          [ tileset_20 ]
C:/Users/luisc/AppData/Local/Temp/_gbsbuild/obj/tileset_21.rel
                                          [ tileset_21 ]
C:/Users/luisc/AppData/Local/Temp/_gbsbuild/obj/tileset_22.rel
                                          [ tileset_22 ]
C:/Users/luisc/AppData/Local/Temp/_gbsbuild/obj/tileset_23.rel
                                          [ tileset_23 ]
C:/Users/luisc/AppData/Local/Temp/_gbsbuild/obj/tileset_24.rel
                                          [ tileset_24 ]
C:/Users/luisc/AppData/Local/Temp/_gbsbuild/obj/tileset_25.rel
                                          [ tileset_25 ]
C:/Users/luisc/AppData/Local/Temp/_gbsbuild/obj/tileset_26.rel
                                          [ tileset_26 ]
C:/Users/luisc/AppData/Local/Temp/_gbsbuild/obj/tileset_27.rel
                                          [ tileset_27 ]
C:/Users/luisc/AppData/Local/Temp/_gbsbuild/obj/tileset_28.rel
                                          [ tileset_28 ]
C:/Users/luisc/AppData/Local/Temp/_gbsbuild/obj/tileset_29.rel
                                          [ tileset_29 ]
C:/Users/luisc/AppData/Local/Temp/_gbsbuild/obj/tileset_3.rel
                                          [ tileset_3 ]
C:/Users/luisc/AppData/Local/Temp/_gbsbuild/obj/tileset_30.rel
                                          [ tileset_30 ]
C:/Users/luisc/AppData/Local/Temp/_gbsbuild/obj/tileset_31.rel
                                          [ tileset_31 ]
C:/Users/luisc/AppData/Local/Temp/_gbsbuild/obj/tileset_32.rel
                                          [ tileset_32 ]
C:/Users/luisc/AppData/Local/Temp/_gbsbuild/obj/tileset_33.rel
                                          [ tileset_33 ]
C:/Users/luisc/AppData/Local/Temp/_gbsbuild/obj/tileset_34.rel
                                          [ tileset_34 ]
C:/Users/luisc/AppData/Local/Temp/_gbsbuild/obj/tileset_35.rel
                                          [ tileset_35 ]
C:/Users/luisc/AppData/Local/Temp/_gbsbuild/obj/tileset_36.rel
                                          [ tileset_36 ]
C:/Users/luisc/AppData/Local/Temp/_gbsbuild/obj/tileset_37.rel
                                          [ tileset_37 ]
C:/Users/luisc/AppData/Local/Temp/_gbsbuild/obj/tileset_38.rel
                                          [ tileset_38 ]
C:/Users/luisc/AppData/Local/Temp/_gbsbuild/obj/tileset_39.rel
                                          [ tileset_39 ]
C:/Users/luisc/AppData/Local/Temp/_gbsbuild/obj/tileset_4.rel
                                          [ tileset_4 ]
C:/Users/luisc/AppData/Local/Temp/_gbsbuild/obj/tileset_40.rel
                                          [ tileset_40 ]
C:/Users/luisc/AppData/Local/Temp/_gbsbuild/obj/tileset_41.rel
                                          [ tileset_41 ]
C:/Users/luisc/AppData/Local/Temp/_gbsbuild/obj/tileset_5.rel
                                          [ tileset_5 ]
C:/Users/luisc/AppData/Local/Temp/_gbsbuild/obj/tileset_6.rel
                                          [ tileset_6 ]
C:/Users/luisc/AppData/Local/Temp/_gbsbuild/obj/tileset_7.rel
                                          [ tileset_7 ]
C:/Users/luisc/AppData/Local/Temp/_gbsbuild/obj/tileset_8.rel
                                          [ tileset_8 ]
C:/Users/luisc/AppData/Local/Temp/_gbsbuild/obj/tileset_9.rel
                                          [ tileset_9 ]
C:/Users/luisc/AppData/Local/Temp/_gbsbuild/obj/main.rel
                                          [ main ]
C:/Users/luisc/AppData/Local/Temp/_gbsbuild/obj/adventure.rel
                                          [ adventure ]
C:/Users/luisc/AppData/Local/Temp/_gbsbuild/obj/logo.rel
                                          [ logo ]
C:/Users/luisc/AppData/Local/Temp/_gbsbuild/obj/platform.rel
                                          [ platform ]
C:/Users/luisc/AppData/Local/Temp/_gbsbuild/obj/pointnclick.rel
                                          [ pointnclick ]
C:/Users/luisc/AppData/Local/Temp/_gbsbuild/obj/shmup.rel
                                          [ shmup ]
C:/Users/luisc/AppData/Local/Temp/_gbsbuild/obj/states_ptrs.rel
                                          [  ]
C:/Users/luisc/AppData/Local/Temp/_gbsbuild/obj/topdown.rel
                                          [ topdown ]


Libraries Linked                          [ object file ]

C:\Users\luisc\AppData\Local\Temp/_gbstools/gbdk/lib/small/asxxxx/gb/gb.lib
                                          [ fill_rect_wi.o ]
C:\Users\luisc\AppData\Local\Temp/_gbstools/gbdk/lib/small/asxxxx/gb/gb.lib
                                          [ sfr.o ]
lib/hUGEDriver.lib                        [ hUGEDriver.obj.o ]
C:\Users\luisc\AppData\Local\Temp/_gbstools/gbdk/lib/small/asxxxx/gbz80/gbz80.lib
                                          [ rand.o ]
C:\Users\luisc\AppData\Local\Temp/_gbstools/gbdk/lib/small/asxxxx/gb/gb.lib
                                          [ cgb_palettes.o ]
C:\Users\luisc\AppData\Local\Temp/_gbstools/gbdk/lib/small/asxxxx/gbz80/gbz80.lib
                                          [ mul.o ]
C:\Users\luisc\AppData\Local\Temp/_gbstools/gbdk/lib/small/asxxxx/gbz80/gbz80.lib
                                          [ abs.o ]
C:\Users\luisc\AppData\Local\Temp/_gbstools/gbdk/lib/small/asxxxx/gb/gb.lib
                                          [ set_wi_t.o ]
C:\Users\luisc\AppData\Local\Temp/_gbstools/gbdk/lib/small/asxxxx/gb/gb.lib
                                          [ set_data.o ]
C:\Users\luisc\AppData\Local\Temp/_gbstools/gbdk/lib/small/asxxxx/gbz80/gbz80.lib
                                          [ reverse.o ]
C:\Users\luisc\AppData\Local\Temp/_gbstools/gbdk/lib/small/asxxxx/gb/gb.lib
                                          [ far_ptr.o ]
C:\Users\luisc\AppData\Local\Temp/_gbstools/gbdk/lib/small/asxxxx/gb/gb.lib
                                          [ sgb.o ]
C:\Users\luisc\AppData\Local\Temp/_gbstools/gbdk/lib/small/asxxxx/gb/gb.lib
                                          [ lcd.o ]
C:\Users\luisc\AppData\Local\Temp/_gbstools/gbdk/lib/small/asxxxx/gb/gb.lib
                                          [ fill_rect.o ]
C:\Users\luisc\AppData\Local\Temp/_gbstools/gbdk/lib/small/asxxxx/gb/gb.lib
                                          [ cpy_data.o ]
C:\Users\luisc\AppData\Local\Temp/_gbstools/gbdk/lib/small/asxxxx/gb/gb.lib
                                          [ fill_rect_bk.o ]
C:\Users\luisc\AppData\Local\Temp/_gbstools/gbdk/lib/small/asxxxx/gb/gb.lib
                                          [ pad.o ]
C:\Users\luisc\AppData\Local\Temp/_gbstools/gbdk/lib/small/asxxxx/gb/gb.lib
                                          [ metasprites.o ]
C:\Users\luisc\AppData\Local\Temp/_gbstools/gbdk/lib/small/asxxxx/gbz80/gbz80.lib
                                          [ __sdcc_call_hl.o ]
C:\Users\luisc\AppData\Local\Temp/_gbstools/gbdk/lib/small/asxxxx/gbz80/gbz80.lib
                                          [ _memcpy.o ]
C:\Users\luisc\AppData\Local\Temp/_gbstools/gbdk/lib/small/asxxxx/gbz80/gbz80.lib
                                          [ _memset.o ]
C:\Users\luisc\AppData\Local\Temp/_gbstools/gbdk/lib/small/asxxxx/gb/gb.lib
                                          [ ___sdcc_bcall_ehl.o ]
C:\Users\luisc\AppData\Local\Temp/_gbstools/gbdk/lib/small/asxxxx/gb/gb.lib
                                          [ cgb.o ]
C:\Users\luisc\AppData\Local\Temp/_gbstools/gbdk/lib/small/asxxxx/gbz80/gbz80.lib
                                          [ div.o ]
C:\Users\luisc\AppData\Local\Temp/_gbstools/gbdk/lib/small/asxxxx/gb/gb.lib
                                          [ set_bk_t.o ]
C:\Users\luisc\AppData\Local\Temp/_gbstools/gbdk/lib/small/asxxxx/gb/gb.lib
                                          [ set_xy_t.o ]

ASxxxx Linker V03.00 + NoICE + sdld,  page 92.

User Base Address Definitions

_DATA=0xC0A0
_CODE=0x0200
ASxxxx Linker V03.00 + NoICE + sdld,  page 93.

User Global Definitions

.STACK=0xDF00
_shadow_OAM=0xC000
.refresh_OAM=0xFF80
__start_save=28

